// Jest Snapshot v1, https://goo.gl/fbAQLP

exports[`RorAutocomplete renders a basic autocomplete form 1`] = `
<Fragment>
  <GenericNameIdAutocomplete
    acID="https://ror.org/05nq89q24"
    acText="Institute for Fermentation"
    controlOptions={
      Object {
        "htmlId": "instit_affil_1234",
        "isRequired": true,
        "labelText": "Institutional Affiliation",
      }
    }
    idFunc={[Function]}
    nameFunc={[Function]}
    setAcID={[Function]}
    setAcText={[Function]}
    setAutoBlurred={[Function]}
    supplyLookupList={[Function]}
  />
  <input
    className="js-affil-longname"
    name="author[affiliation][long_name]"
    type="hidden"
    value="Institute for Fermentation"
  />
  <input
    className="js-affil-id"
    name="author[affiliation][ror_id]"
    type="hidden"
    value="https://ror.org/05nq89q24"
  />
</Fragment>
`;
